
> campusconnect-frontend@0.1.0 build
> next build

node.exe : ΓÜá Warning: 
Next.js inferred your 
workspace root, but it may 
not be correct.
At line:1 char:1
+ & "C:\Program 
Files\nodejs/node.exe" "C:\U
sers\vedan\AppData\Roaming\ 
...
+ ~~~~~~~~~~~~~~~~~~~~~~~~~~
~~~~~~~~~~~~~~~~~~~~~~~~~~~~
~~~~~~~~~~~~~~~
    + CategoryInfo          
    : NotSpecified: (ΓÜá W  
  arning: Ne...not be cor   
 rect.:String) [], Remot    
eException
    + FullyQualifiedErrorId 
    : NativeCommandError
 
 We detected multiple 
lockfiles and selected the 
directory of C:\Users\vedan\
package-lock.json as the 
root directory.
 To silence this warning, 
set `turbopack.root` in 
your Next.js config, or 
consider removing one of 
the lockfiles if it's not 
needed.
   See https://nextjs.org/do
cs/app/api-reference/config/
next-config-js/turbopack#roo
t-directory for more 
information.
 Detected additional 
lockfiles: 
   * C:\Users\vedan\campusco
nnect-frontend\package-lock.
json

Γû▓ Next.js 16.1.4 (Turbopack)
- Environments: .env.local

  Creating an optimized production build ...

> Build error occurred
Error: Turbopack build 
failed with 2 errors:
./campusconnect-frontend/app
/auth/login/page.tsx:2:10
Ecmascript file had an error
[0m [90m 1 |[39m 
[36mimport[39m { useState 
} [36mfrom[39m 
[32m"react"[39m[33m;[39m
[31m[1m>[22m[39m[90m 2 
|[39m [36mimport[39m { 
useRouter } [36mfrom[39m 
[32m"next/navigation"[39m[
33m;[39m
 [90m   |[39m          [3
1m[1m^[22m[39m[31m[1m^
[22m[39m[31m[1m^[22m[39
m[31m[1m^[22m[39m[31m[
1m^[22m[39m[31m[1m^[22m
[39m[31m[1m^[22m[39m[3
1m[1m^[22m[39m[31m[1m^
[22m[39m
 [90m 3 |[39m 
[36mimport[39m { 
[33mGoogleLogin[39m } 
[36mfrom[39m [32m"@react-
oauth/google"[39m[33m;[39
m
 [90m 4 |[39m
 [90m 5 |[39m type 
[33mScreen[39m 
[33m=[39m 
[32m"login"[39m 
[33m|[39m 
[32m"register"[39m 
[33m|[39m [32m"otp"[39m 
[33m|[39m 
[32m"forgot"[39m 
[33m|[39m [32m"reset"[39
m[33m;[39m[0m

You're importing a 
component that needs 
`useRouter`. This React 
Hook only works in a Client 
Component. To fix, mark the 
file (or its parent) with 
the `"use client"` 
directive.

 Learn more: https://nextjs.
org/docs/app/api-reference/d
irectives/use-client




./campusconnect-frontend/app
/auth/login/page.tsx:1:10
Ecmascript file had an error
[0m[31m[1m>[22m[39m[90
m 1 |[39m [36mimport[39m 
{ useState } [36mfrom[39m 
[32m"react"[39m[33m;[39m
 [90m   |[39m          [3
1m[1m^[22m[39m[31m[1m^
[22m[39m[31m[1m^[22m[39
m[31m[1m^[22m[39m[31m[
1m^[22m[39m[31m[1m^[22m
[39m[31m[1m^[22m[39m[3
1m[1m^[22m[39m
 [90m 2 |[39m 
[36mimport[39m { 
useRouter } [36mfrom[39m 
[32m"next/navigation"[39m[
33m;[39m
 [90m 3 |[39m 
[36mimport[39m { 
[33mGoogleLogin[39m } 
[36mfrom[39m [32m"@react-
oauth/google"[39m[33m;[39
m
 [90m 4 |[39m[0m

You're importing a 
component that needs 
`useState`. This React Hook 
only works in a Client 
Component. To fix, mark the 
file (or its parent) with 
the `"use client"` 
directive.

 Learn more: https://nextjs.
org/docs/app/api-reference/d
irectives/use-client




    at <unknown> (./campusco
nnect-frontend/app/auth/logi
n/page.tsx:2:10)
    at <unknown> (./campusco
nnect-frontend/app/auth/logi
n/page.tsx:1:10)
